
> client@0.1.0 build
> react-scripts build

Creating an optimized production build...
node.exe : Browserslist: caniuse-lite is outdated. Please run:
At line:1 char:1
+ & "C:\Program Files\nodejs/node.exe" "C:\Users\Affotax Developer\AppD ...
+ ~~~~~~~~~~~~~~~~~~~~~~~~~~~~~~~~~~~~~~~~~~~~~~~~~~~~~~~~~~~~~~~~~~~~~
    + CategoryInfo          : NotSpecified: (Browserslist: c...ed. Please run: 
   :String) [], RemoteException
    + FullyQualifiedErrorId : NativeCommandError
 
  npx update-browserslist-db@latest
  Why you should do it regularly: 
https://github.com/browserslist/update-db#readme
Failed to compile.

Module not found: Error: Can't resolve './components/Responsiblities/FilterComponent' in 'C:\Users\Affotax Developer\Desktop\Office-New-CRM\client\src\pages\Tasks'


